Graph has 14 nodes and 53 directed edges for degree: 3
