Graph has 1024 nodes and 10496 undirected edges for degree: 10
