Graph has 1024 nodes and 16104 undirected edges for degree: 15
